---
source: crates/sui-cost/tests/empirical_transaction_cost.rs
expression: common_costs_estimate
---
{
  "MergeCoin": {
    "computation_cost": 5792,
    "storage_cost": 8550,
    "storage_rebate": 0
  },
  "Publish": {
    "computation_cost": 5781,
    "storage_cost": 8485,
    "storage_rebate": 0
  },
  "SharedCounterAssertValue": {
    "computation_cost": 683,
    "storage_cost": 833,
    "storage_rebate": 0
  },
  "SharedCounterCreate": {
    "computation_cost": 562,
    "storage_cost": 802,
    "storage_rebate": 0
  },
  "SharedCounterIncrement": {
    "computation_cost": 683,
    "storage_cost": 833,
    "storage_rebate": 0
  },
  "SplitCoin": {
    "computation_cost": 5770,
    "storage_cost": 8518,
    "storage_rebate": 0
  },
  "TransferPortionSuiCoin": {
    "computation_cost": 56,
    "storage_cost": 52,
    "storage_rebate": 0
  },
  "TransferWholeCoin": {
    "computation_cost": 77,
    "storage_cost": 84,
    "storage_rebate": 0
  },
  "TransferWholeSuiCoin": {
    "computation_cost": 56,
    "storage_cost": 52,
    "storage_rebate": 0
  }
}
