---
source: crates/sui-config/tests/snapshot_tests.rs
expression: genesis.committee().unwrap()
---
epoch: 0
voting_rights:
  - - mfJe9h+AMrkUY2RgmCxcxvE07x3a52ZX8sv+wev8jQlzdAgN9vzw3Li8Sw2OCvXYDrv/K0xZn1T0LWMS38MUJ2B4wcw0fru+xRmL4lhRPzhrkw0CwnSagD4jMJVevRoQ
    - 1
total_votes: 1

